// Jest Snapshot v1, https://goo.gl/fbAQLP

exports[`PercentFilled test render 1`] = `
.emotion-4 {
  display: -webkit-box;
  display: -webkit-flex;
  display: -ms-flexbox;
  display: flex;
  -webkit-flex-direction: column;
  -ms-flex-direction: column;
  flex-direction: column;
}

.emotion-3 {
  margin-top: 1rem;
  display: -webkit-box;
  display: -webkit-flex;
  display: -ms-flexbox;
  display: flex;
  -webkit-flex-direction: column;
  -ms-flex-direction: column;
  flex-direction: column;
}

.emotion-3:first-child {
  margin-top: 0;
}

.emotion-1 {
  display: inline-block;
  margin-bottom: 0.5rem;
}

.emotion-0 {
  box-sizing: border-box;
  margin: 0;
  font-weight: 400;
  line-height: 1.5;
  font-family: -apple-system,BlinkMacSystemFont,"Segoe UI",Roboto,"Helvetica Neue",Arial,"Noto Sans",sans-serif,"Apple Color Emoji","Segoe UI Emoji","Segoe UI Symbol","Noto Color Emoji";
  font-size: 1rem;
  color: #212529;
  -webkit-font-smoothing: antialiased;
  -webkit-text-size-adjust: none;
  font-size: 0.875rem;
  font-weight: 400;
  color: #5F6871;
  line-height: 1.5;
}

.emotion-2 {
  display: block;
  width: 100%;
  line-height: 1.5;
  color: #212529;
  background-color: transparent;
  background-image: none;
  background-clip: padding-box;
  -webkit-font-smoothing: antialiased;
  -webkit-tap-highlight-color: transparent;
  -webkit-appearance: none;
  box-sizing: border-box;
  touch-action: manipulation;
  font-family: -apple-system,BlinkMacSystemFont,"Segoe UI",Roboto,"Helvetica Neue",Arial,"Noto Sans",sans-serif,"Apple Color Emoji","Segoe UI Emoji","Segoe UI Symbol","Noto Color Emoji";
  border: none;
  box-shadow: 0 0 0 2px transparent inset,0 0 0 1px hsla(210,10.8%,14.5%,0.2) inset;
  border-radius: 0.25rem;
  -webkit-transition: background 0.25s cubic-bezier(0.35,0,0.25,1),border-color 0.15s cubic-bezier(0.35,0,0.25,1),box-shadow 0.15s cubic-bezier(0.35,0,0.25,1);
  transition: background 0.25s cubic-bezier(0.35,0,0.25,1),border-color 0.15s cubic-bezier(0.35,0,0.25,1),box-shadow 0.15s cubic-bezier(0.35,0,0.25,1);
  font-size: 1.25rem;
  padding: 0.65rem 1rem;
  height: 48px;
}

.emotion-2::-webkit-input-placeholder {
  color: hsla(210,10.8%,14.5%,0.45);
}

.emotion-2::-moz-placeholder {
  color: hsla(210,10.8%,14.5%,0.45);
}

.emotion-2:-ms-input-placeholder {
  color: hsla(210,10.8%,14.5%,0.45);
}

.emotion-2::placeholder {
  color: hsla(210,10.8%,14.5%,0.45);
}

.emotion-2:focus {
  box-shadow: 0 0 0 3px hsla(209,75.4%,38.2%,0.1),inset 0 0 0 1px hsla(210,10.8%,14.5%,0.2),inset 0 -1px 1px 0 hsla(210,10.8%,14.5%,0.05);
  outline: none;
}

.emotion-2:disabled {
  opacity: 0.8;
  background: #f1f3f5;
  cursor: not-allowed;
  box-shadow: 0 0 0 2px transparent inset,0 0 0 1px hsla(210,10.8%,14.5%,0.12) inset;
}

.emotion-2:active {
  background: #f1f3f5;
}

<PercentFilled>
  <Component
    className="emotion-4"
    label="Percent filled"
  >
    <div
      className="emotion-3"
    >
      <Component
        htmlFor="1"
      >
        <label
          className="Label emotion-1"
          htmlFor="1"
        >
          <Component
            className="Label__text"
            variant="subtitle"
          >
            <div
              className="Label__text emotion-0"
            >
              Percent filled
            </div>
          </Component>
        </label>
      </Component>
      <ForwardRef
        inputSize="lg"
        onChange={[Function]}
        placeholder="0"
        type="number"
        value={50}
      >
        <input
          className="Input emotion-2"
          id="1"
          onChange={[Function]}
          onTouchEnd={[Function]}
          onTouchStart={[Function]}
          placeholder="0"
          type="number"
          value={50}
        />
      </ForwardRef>
    </div>
  </Component>
</PercentFilled>
`;
